﻿
> build
> vite build

[36mvite v7.3.2 [32mbuilding client environment for production...[36m[39m
transforming...
[32mΓ£ô[39m 68 modules transformed.
npm : [31mΓ£ù[39m Build failed in 2.00s
At line:1 char:1
+ npm run build > build_output.txt 2>&1
+ ~~~~~~~~~~~~~~~~~~~~~~~~~~~~~~~~~~~~~
    + CategoryInfo          : NotSpecified: ([31mΓ£ù[39m Build failed in 2.00s:String) [], RemoteException
    + FullyQualifiedErrorId : NativeCommandError
 
[31merror during build:
[31m[vite:vue] [plugin vite:vue] resources/js/Pages/Settings/AccountSettings.vue (83:25): Element is missing end 
tag.[31m
file: [36mC:/xampp/htdocs/medequip/resources/js/Pages/Settings/AccountSettings.vue:83:25[31m
SyntaxError: [plugin vite:vue] resources/js/Pages/Settings/AccountSettings.vue (83:25): Element is missing end tag.
    at createCompilerError 
(C:\xampp\htdocs\medequip\node_modules\@vue\compiler-core\dist\compiler-core.cjs.prod.js:1374:17)
    at emitError (C:\xampp\htdocs\medequip\node_modules\@vue\compiler-core\dist\compiler-core.cjs.prod.js:2980:5)
    at Object.onclosetag 
(C:\xampp\htdocs\medequip\node_modules\@vue\compiler-core\dist\compiler-core.cjs.prod.js:2377:13)
    at Tokenizer.stateInClosingTagName 
(C:\xampp\htdocs\medequip\node_modules\@vue\compiler-core\dist\compiler-core.cjs.prod.js:799:16)
    at Tokenizer.parse 
(C:\xampp\htdocs\medequip\node_modules\@vue\compiler-core\dist\compiler-core.cjs.prod.js:1157:16)
    at Object.baseParse 
(C:\xampp\htdocs\medequip\node_modules\@vue\compiler-core\dist\compiler-core.cjs.prod.js:3012:13)
    at Object.parse (C:\xampp\htdocs\medequip\node_modules\@vue\compiler-dom\dist\compiler-dom.cjs.prod.js:665:23)
    at Object.parse$1 [as parse] 
(C:\xampp\htdocs\medequip\node_modules\@vue\compiler-sfc\dist\compiler-sfc.cjs.js:1824:24)
    at createDescriptor (file:///C:/xampp/htdocs/medequip/node_modules/@vitejs/plugin-vue/dist/index.mjs:54:42)
    at transformMain (file:///C:/xampp/htdocs/medequip/node_modules/@vitejs/plugin-vue/dist/index.mjs:1319:33)[39m
